{
  "compilerOptions": {
    "strict": true,
    "noUnusedLocals": true,
    "noUnusedParameters": true,
    "preserveConstEnums": true,
    "forceConsistentCasingInFileNames": true,
    "rootDir": "./"
  },
  "include": ["**/*.ts"]
}
